npm warn Unknown env config "http-proxy". This will stop working in the next major version of npm.

> ai-studio-applet@0.1.0 build
> next build

   ▲ Next.js 15.5.27

   Creating an optimized production build ...
 ✓ Compiled successfully in 1730ms
   Skipping linting
   Checking validity of types ...
   Collecting page data ...
   Generating static pages (0/5) ...
   Generating static pages (1/5) 
   Generating static pages (2/5) 
   Generating static pages (3/5) 
 ✓ Generating static pages (5/5)
   Finalizing page optimization ...
   Collecting build traces ...

Route (app)                                 Size  First Load JS
┌ ○ /                                    3.66 kB         113 kB
├ ○ /_not-found                            992 B         103 kB
└ ○ /itaipu                               181 kB         290 kB
+ First Load JS shared by all             102 kB
  ├ chunks/255-7c3c3cd17628e40d.js       46.2 kB
  ├ chunks/4bd1b696-21f374d1156f834a.js  54.2 kB
  └ other shared chunks (total)          1.87 kB


○  (Static)  prerendered as static content

